// Jest Snapshot v1, https://goo.gl/fbAQLP

exports[`app should toMatchSnapshot 1`] = `<pokemon-page-stub></pokemon-page-stub>`;
